// Jest Snapshot v1, https://goo.gl/fbAQLP

exports[`GenericTimeWheelPickerContainer renders correctly 1`] = `
<DocumentFragment>
  <div
    style="height: 240px;"
  >
    <div
      class="quill-wheel-picker"
    >
      <div
        class="quill-wheel-picker__container"
        style="height: 100%;"
      >
        <ul
          class="quill-wheel-picker__data-items quill-wheel-picker__data-items-left"
          role="listbox"
        >
          <li
            class="quill-dropdown-item quill-dropdown-item__size--md quill-dropdown-item__align-center quill-dropdown-item__selected--false__disabled--true quill-wheel-picker__data-item"
            role="option"
            tabindex="0"
          >
            <p
              class="quill-typography quill-typography__body-text__size--md__weight--regular__decoration--default quill-typography__color--default quill-dropdown-item-label quill-typography__color--disabled"
            >
              01
            </p>
          </li>
          <li
            class="quill-dropdown-item quill-dropdown-item__size--md quill-dropdown-item__align-center quill-dropdown-item__selected--false__disabled--true quill-wheel-picker__data-item"
            role="option"
            tabindex="0"
          >
            <p
              class="quill-typography quill-typography__body-text__size--md__weight--regular__decoration--default quill-typography__color--default quill-dropdown-item-label quill-typography__color--disabled"
            >
              02
            </p>
          </li>
          <li
            class="quill-dropdown-item quill-dropdown-item__size--md quill-dropdown-item__align-center quill-dropdown-item__selected--false__disabled--true quill-wheel-picker__data-item"
            role="option"
            tabindex="0"
          >
            <p
              class="quill-typography quill-typography__body-text__size--md__weight--regular__decoration--default quill-typography__color--default quill-dropdown-item-label quill-typography__color--disabled"
            >
              03
            </p>
          </li>
          <li
            class="quill-dropdown-item quill-dropdown-item__size--md quill-dropdown-item__align-center quill-dropdown-item__selected--false__disabled--true quill-wheel-picker__data-item"
            role="option"
            tabindex="0"
          >
            <p
              class="quill-typography quill-typography__body-text__size--md__weight--regular__decoration--default quill-typography__color--default quill-dropdown-item-label quill-typography__color--disabled"
            >
              04
            </p>
          </li>
          <li
            class="quill-dropdown-item quill-dropdown-item__size--md quill-dropdown-item__align-center quill-dropdown-item__selected--false__disabled--true quill-wheel-picker__data-item"
            role="option"
            tabindex="0"
          >
            <p
              class="quill-typography quill-typography__body-text__size--md__weight--regular__decoration--default quill-typography__color--default quill-dropdown-item-label quill-typography__color--disabled"
            >
              05
            </p>
          </li>
          <li
            class="quill-dropdown-item quill-dropdown-item__size--md quill-dropdown-item__align-center quill-dropdown-item__selected--false__disabled--true quill-wheel-picker__data-item"
            role="option"
            tabindex="0"
          >
            <p
              class="quill-typography quill-typography__body-text__size--md__weight--regular__decoration--default quill-typography__color--default quill-dropdown-item-label quill-typography__color--disabled"
            >
              06
            </p>
          </li>
          <li
            class="quill-dropdown-item quill-dropdown-item__size--md quill-dropdown-item__align-center quill-dropdown-item__selected--false__disabled--true quill-wheel-picker__data-item"
            role="option"
            tabindex="0"
          >
            <p
              class="quill-typography quill-typography__body-text__size--md__weight--regular__decoration--default quill-typography__color--default quill-dropdown-item-label quill-typography__color--disabled"
            >
              07
            </p>
          </li>
          <li
            class="quill-dropdown-item quill-dropdown-item__size--md quill-dropdown-item__align-center quill-dropdown-item__selected--false__disabled--true quill-wheel-picker__data-item"
            role="option"
            tabindex="0"
          >
            <p
              class="quill-typography quill-typography__body-text__size--md__weight--regular__decoration--default quill-typography__color--default quill-dropdown-item-label quill-typography__color--disabled"
            >
              08
            </p>
          </li>
          <li
            class="quill-dropdown-item quill-dropdown-item__size--md quill-dropdown-item__align-center quill-dropdown-item__selected--false__disabled--true quill-wheel-picker__data-item"
            role="option"
            tabindex="0"
          >
            <p
              class="quill-typography quill-typography__body-text__size--md__weight--regular__decoration--default quill-typography__color--default quill-dropdown-item-label quill-typography__color--disabled"
            >
              09
            </p>
          </li>
          <li
            class="quill-dropdown-item quill-dropdown-item__size--md quill-dropdown-item__align-center quill-dropdown-item__selected--false__disabled--true quill-wheel-picker__data-item"
            role="option"
            tabindex="0"
          >
            <p
              class="quill-typography quill-typography__body-text__size--md__weight--regular__decoration--default quill-typography__color--default quill-dropdown-item-label quill-typography__color--disabled"
            >
              10
            </p>
          </li>
          <li
            class="quill-dropdown-item quill-dropdown-item__size--md quill-dropdown-item__align-center quill-dropdown-item__selected--false__disabled--true quill-wheel-picker__data-item"
            role="option"
            tabindex="0"
          >
            <p
              class="quill-typography quill-typography__body-text__size--md__weight--regular__decoration--default quill-typography__color--default quill-dropdown-item-label quill-typography__color--disabled"
            >
              11
            </p>
          </li>
          <li
            class="quill-dropdown-item quill-dropdown-item__size--md quill-dropdown-item__align-center quill-dropdown-item__selected--false__disabled--false quill-wheel-picker__data-item"
            role="option"
            tabindex="0"
          >
            <p
              class="quill-typography quill-typography__body-text__size--md__weight--regular__decoration--default quill-typography__color--default quill-dropdown-item-label"
            >
              12
            </p>
          </li>
        </ul>
      </div>
      <div
        class="quill-wheel-picker__container"
        style="height: 100%;"
      >
        <ul
          class="quill-wheel-picker__data-items quill-wheel-picker__data-items-center quill-wheel-picker__data-items__minute"
          role="listbox"
        >
          <li
            class="quill-dropdown-item quill-dropdown-item__size--md quill-dropdown-item__align-center quill-dropdown-item__selected--false__disabled--false quill-wheel-picker__data-item"
            role="option"
            tabindex="0"
          >
            <p
              class="quill-typography quill-typography__body-text__size--md__weight--regular__decoration--default quill-typography__color--default quill-dropdown-item-label"
            >
              00
            </p>
          </li>
          <li
            class="quill-dropdown-item quill-dropdown-item__size--md quill-dropdown-item__align-center quill-dropdown-item__selected--false__disabled--true quill-wheel-picker__data-item"
            role="option"
            tabindex="0"
          >
            <p
              class="quill-typography quill-typography__body-text__size--md__weight--regular__decoration--default quill-typography__color--default quill-dropdown-item-label quill-typography__color--disabled"
            >
              02
            </p>
          </li>
          <li
            class="quill-dropdown-item quill-dropdown-item__size--md quill-dropdown-item__align-center quill-dropdown-item__selected--false__disabled--true quill-wheel-picker__data-item"
            role="option"
            tabindex="0"
          >
            <p
              class="quill-typography quill-typography__body-text__size--md__weight--regular__decoration--default quill-typography__color--default quill-dropdown-item-label quill-typography__color--disabled"
            >
              04
            </p>
          </li>
          <li
            class="quill-dropdown-item quill-dropdown-item__size--md quill-dropdown-item__align-center quill-dropdown-item__selected--false__disabled--true quill-wheel-picker__data-item"
            role="option"
            tabindex="0"
          >
            <p
              class="quill-typography quill-typography__body-text__size--md__weight--regular__decoration--default quill-typography__color--default quill-dropdown-item-label quill-typography__color--disabled"
            >
              06
            </p>
          </li>
          <li
            class="quill-dropdown-item quill-dropdown-item__size--md quill-dropdown-item__align-center quill-dropdown-item__selected--false__disabled--true quill-wheel-picker__data-item"
            role="option"
            tabindex="0"
          >
            <p
              class="quill-typography quill-typography__body-text__size--md__weight--regular__decoration--default quill-typography__color--default quill-dropdown-item-label quill-typography__color--disabled"
            >
              08
            </p>
          </li>
          <li
            class="quill-dropdown-item quill-dropdown-item__size--md quill-dropdown-item__align-center quill-dropdown-item__selected--false__disabled--true quill-wheel-picker__data-item"
            role="option"
            tabindex="0"
          >
            <p
              class="quill-typography quill-typography__body-text__size--md__weight--regular__decoration--default quill-typography__color--default quill-dropdown-item-label quill-typography__color--disabled"
            >
              10
            </p>
          </li>
          <li
            class="quill-dropdown-item quill-dropdown-item__size--md quill-dropdown-item__align-center quill-dropdown-item__selected--false__disabled--true quill-wheel-picker__data-item"
            role="option"
            tabindex="0"
          >
            <p
              class="quill-typography quill-typography__body-text__size--md__weight--regular__decoration--default quill-typography__color--default quill-dropdown-item-label quill-typography__color--disabled"
            >
              12
            </p>
          </li>
          <li
            class="quill-dropdown-item quill-dropdown-item__size--md quill-dropdown-item__align-center quill-dropdown-item__selected--false__disabled--true quill-wheel-picker__data-item"
            role="option"
            tabindex="0"
          >
            <p
              class="quill-typography quill-typography__body-text__size--md__weight--regular__decoration--default quill-typography__color--default quill-dropdown-item-label quill-typography__color--disabled"
            >
              14
            </p>
          </li>
          <li
            class="quill-dropdown-item quill-dropdown-item__size--md quill-dropdown-item__align-center quill-dropdown-item__selected--false__disabled--true quill-wheel-picker__data-item"
            role="option"
            tabindex="0"
          >
            <p
              class="quill-typography quill-typography__body-text__size--md__weight--regular__decoration--default quill-typography__color--default quill-dropdown-item-label quill-typography__color--disabled"
            >
              16
            </p>
          </li>
          <li
            class="quill-dropdown-item quill-dropdown-item__size--md quill-dropdown-item__align-center quill-dropdown-item__selected--false__disabled--true quill-wheel-picker__data-item"
            role="option"
            tabindex="0"
          >
            <p
              class="quill-typography quill-typography__body-text__size--md__weight--regular__decoration--default quill-typography__color--default quill-dropdown-item-label quill-typography__color--disabled"
            >
              18
            </p>
          </li>
          <li
            class="quill-dropdown-item quill-dropdown-item__size--md quill-dropdown-item__align-center quill-dropdown-item__selected--false__disabled--true quill-wheel-picker__data-item"
            role="option"
            tabindex="0"
          >
            <p
              class="quill-typography quill-typography__body-text__size--md__weight--regular__decoration--default quill-typography__color--default quill-dropdown-item-label quill-typography__color--disabled"
            >
              20
            </p>
          </li>
          <li
            class="quill-dropdown-item quill-dropdown-item__size--md quill-dropdown-item__align-center quill-dropdown-item__selected--false__disabled--true quill-wheel-picker__data-item"
            role="option"
            tabindex="0"
          >
            <p
              class="quill-typography quill-typography__body-text__size--md__weight--regular__decoration--default quill-typography__color--default quill-dropdown-item-label quill-typography__color--disabled"
            >
              22
            </p>
          </li>
          <li
            class="quill-dropdown-item quill-dropdown-item__size--md quill-dropdown-item__align-center quill-dropdown-item__selected--false__disabled--true quill-wheel-picker__data-item"
            role="option"
            tabindex="0"
          >
            <p
              class="quill-typography quill-typography__body-text__size--md__weight--regular__decoration--default quill-typography__color--default quill-dropdown-item-label quill-typography__color--disabled"
            >
              24
            </p>
          </li>
          <li
            class="quill-dropdown-item quill-dropdown-item__size--md quill-dropdown-item__align-center quill-dropdown-item__selected--false__disabled--true quill-wheel-picker__data-item"
            role="option"
            tabindex="0"
          >
            <p
              class="quill-typography quill-typography__body-text__size--md__weight--regular__decoration--default quill-typography__color--default quill-dropdown-item-label quill-typography__color--disabled"
            >
              26
            </p>
          </li>
          <li
            class="quill-dropdown-item quill-dropdown-item__size--md quill-dropdown-item__align-center quill-dropdown-item__selected--false__disabled--true quill-wheel-picker__data-item"
            role="option"
            tabindex="0"
          >
            <p
              class="quill-typography quill-typography__body-text__size--md__weight--regular__decoration--default quill-typography__color--default quill-dropdown-item-label quill-typography__color--disabled"
            >
              28
            </p>
          </li>
          <li
            class="quill-dropdown-item quill-dropdown-item__size--md quill-dropdown-item__align-center quill-dropdown-item__selected--false__disabled--true quill-wheel-picker__data-item"
            role="option"
            tabindex="0"
          >
            <p
              class="quill-typography quill-typography__body-text__size--md__weight--regular__decoration--default quill-typography__color--default quill-dropdown-item-label quill-typography__color--disabled"
            >
              30
            </p>
          </li>
          <li
            class="quill-dropdown-item quill-dropdown-item__size--md quill-dropdown-item__align-center quill-dropdown-item__selected--false__disabled--true quill-wheel-picker__data-item"
            role="option"
            tabindex="0"
          >
            <p
              class="quill-typography quill-typography__body-text__size--md__weight--regular__decoration--default quill-typography__color--default quill-dropdown-item-label quill-typography__color--disabled"
            >
              32
            </p>
          </li>
          <li
            class="quill-dropdown-item quill-dropdown-item__size--md quill-dropdown-item__align-center quill-dropdown-item__selected--false__disabled--true quill-wheel-picker__data-item"
            role="option"
            tabindex="0"
          >
            <p
              class="quill-typography quill-typography__body-text__size--md__weight--regular__decoration--default quill-typography__color--default quill-dropdown-item-label quill-typography__color--disabled"
            >
              34
            </p>
          </li>
          <li
            class="quill-dropdown-item quill-dropdown-item__size--md quill-dropdown-item__align-center quill-dropdown-item__selected--false__disabled--true quill-wheel-picker__data-item"
            role="option"
            tabindex="0"
          >
            <p
              class="quill-typography quill-typography__body-text__size--md__weight--regular__decoration--default quill-typography__color--default quill-dropdown-item-label quill-typography__color--disabled"
            >
              36
            </p>
          </li>
          <li
            class="quill-dropdown-item quill-dropdown-item__size--md quill-dropdown-item__align-center quill-dropdown-item__selected--false__disabled--true quill-wheel-picker__data-item"
            role="option"
            tabindex="0"
          >
            <p
              class="quill-typography quill-typography__body-text__size--md__weight--regular__decoration--default quill-typography__color--default quill-dropdown-item-label quill-typography__color--disabled"
            >
              38
            </p>
          </li>
          <li
            class="quill-dropdown-item quill-dropdown-item__size--md quill-dropdown-item__align-center quill-dropdown-item__selected--false__disabled--true quill-wheel-picker__data-item"
            role="option"
            tabindex="0"
          >
            <p
              class="quill-typography quill-typography__body-text__size--md__weight--regular__decoration--default quill-typography__color--default quill-dropdown-item-label quill-typography__color--disabled"
            >
              40
            </p>
          </li>
          <li
            class="quill-dropdown-item quill-dropdown-item__size--md quill-dropdown-item__align-center quill-dropdown-item__selected--false__disabled--true quill-wheel-picker__data-item"
            role="option"
            tabindex="0"
          >
            <p
              class="quill-typography quill-typography__body-text__size--md__weight--regular__decoration--default quill-typography__color--default quill-dropdown-item-label quill-typography__color--disabled"
            >
              42
            </p>
          </li>
          <li
            class="quill-dropdown-item quill-dropdown-item__size--md quill-dropdown-item__align-center quill-dropdown-item__selected--false__disabled--true quill-wheel-picker__data-item"
            role="option"
            tabindex="0"
          >
            <p
              class="quill-typography quill-typography__body-text__size--md__weight--regular__decoration--default quill-typography__color--default quill-dropdown-item-label quill-typography__color--disabled"
            >
              44
            </p>
          </li>
          <li
            class="quill-dropdown-item quill-dropdown-item__size--md quill-dropdown-item__align-center quill-dropdown-item__selected--false__disabled--true quill-wheel-picker__data-item"
            role="option"
            tabindex="0"
          >
            <p
              class="quill-typography quill-typography__body-text__size--md__weight--regular__decoration--default quill-typography__color--default quill-dropdown-item-label quill-typography__color--disabled"
            >
              46
            </p>
          </li>
          <li
            class="quill-dropdown-item quill-dropdown-item__size--md quill-dropdown-item__align-center quill-dropdown-item__selected--false__disabled--true quill-wheel-picker__data-item"
            role="option"
            tabindex="0"
          >
            <p
              class="quill-typography quill-typography__body-text__size--md__weight--regular__decoration--default quill-typography__color--default quill-dropdown-item-label quill-typography__color--disabled"
            >
              48
            </p>
          </li>
          <li
            class="quill-dropdown-item quill-dropdown-item__size--md quill-dropdown-item__align-center quill-dropdown-item__selected--false__disabled--true quill-wheel-picker__data-item"
            role="option"
            tabindex="0"
          >
            <p
              class="quill-typography quill-typography__body-text__size--md__weight--regular__decoration--default quill-typography__color--default quill-dropdown-item-label quill-typography__color--disabled"
            >
              50
            </p>
          </li>
          <li
            class="quill-dropdown-item quill-dropdown-item__size--md quill-dropdown-item__align-center quill-dropdown-item__selected--false__disabled--true quill-wheel-picker__data-item"
            role="option"
            tabindex="0"
          >
            <p
              class="quill-typography quill-typography__body-text__size--md__weight--regular__decoration--default quill-typography__color--default quill-dropdown-item-label quill-typography__color--disabled"
            >
              52
            </p>
          </li>
          <li
            class="quill-dropdown-item quill-dropdown-item__size--md quill-dropdown-item__align-center quill-dropdown-item__selected--false__disabled--true quill-wheel-picker__data-item"
            role="option"
            tabindex="0"
          >
            <p
              class="quill-typography quill-typography__body-text__size--md__weight--regular__decoration--default quill-typography__color--default quill-dropdown-item-label quill-typography__color--disabled"
            >
              54
            </p>
          </li>
          <li
            class="quill-dropdown-item quill-dropdown-item__size--md quill-dropdown-item__align-center quill-dropdown-item__selected--false__disabled--true quill-wheel-picker__data-item"
            role="option"
            tabindex="0"
          >
            <p
              class="quill-typography quill-typography__body-text__size--md__weight--regular__decoration--default quill-typography__color--default quill-dropdown-item-label quill-typography__color--disabled"
            >
              56
            </p>
          </li>
          <li
            class="quill-dropdown-item quill-dropdown-item__size--md quill-dropdown-item__align-center quill-dropdown-item__selected--false__disabled--true quill-wheel-picker__data-item"
            role="option"
            tabindex="0"
          >
            <p
              class="quill-typography quill-typography__body-text__size--md__weight--regular__decoration--default quill-typography__color--default quill-dropdown-item-label quill-typography__color--disabled"
            >
              58
            </p>
          </li>
        </ul>
      </div>
      <div
        class="quill-wheel-picker__container"
        style="height: 100%;"
      >
        <ul
          class="quill-wheel-picker__data-items quill-wheel-picker__data-items-right"
          role="listbox"
        >
          <li
            class="quill-dropdown-item quill-dropdown-item__size--md quill-dropdown-item__align-center quill-dropdown-item__selected--false__disabled--false quill-wheel-picker__data-item"
            role="option"
            tabindex="0"
          >
            <p
              class="quill-typography quill-typography__body-text__size--md__weight--regular__decoration--default quill-typography__color--default quill-dropdown-item-label"
            >
              AM
            </p>
          </li>
          <li
            class="quill-dropdown-item quill-dropdown-item__size--md quill-dropdown-item__align-center quill-dropdown-item__selected--false__disabled--true quill-wheel-picker__data-item"
            role="option"
            tabindex="0"
          >
            <p
              class="quill-typography quill-typography__body-text__size--md__weight--regular__decoration--default quill-typography__color--default quill-dropdown-item-label quill-typography__color--disabled"
            >
              PM
            </p>
          </li>
        </ul>
      </div>
    </div>
    ,
  </div>
</DocumentFragment>
`;
