// Jest Snapshot v1, https://goo.gl/fbAQLP

exports[`NotificationBanner should have correct classname 1`] = `
<div>
  <div
    class="notification-banner test"
  >
    <div
      class="body"
    >
      <div
        class="icon"
      >
        (i)
      </div>
      <div
        class="content"
      >
        <p
          class="quill-typography__body-text__size--md__weight--regular__decoration--default quill-typography__color--default title"
        >
          Title
        </p>
        <p
          class="quill-typography__body-text__size--md__weight--regular__decoration--default quill-typography__color--default message"
        >
          Message
        </p>
      </div>
    </div>
    <button
      class="close-button"
    >
      x
    </button>
  </div>
</div>
`;
