// Jest Snapshot v1, https://goo.gl/fbAQLP

exports[`<Tab.Trigger/> should render correctly with size md 1`] = `
<p>
  md
   trigger
</p>
`;

exports[`<Tab.Trigger/> should render correctly with size sm 1`] = `
<p>
  sm
   trigger
</p>
`;
